Component: ARM Compiler 5.06 update 7 (build 960) Tool: armlink [4d3601]

==============================================================================

Section Cross References

    main.o(i.main) refers to led.o(i.LED_Init) for LED_Init
    main.o(i.main) refers to led.o(i.LED1_Open) for LED1_Open
    main.o(i.main) refers to led.o(i.LED2_Close) for LED2_Close
    main.o(i.main) refers to led.o(i.LED3_Close) for LED3_Close
    main.o(i.main) refers to led.o(i.LED4_Close) for LED4_Close
    main.o(i.main) refers to main.o(i.nrf_delay_ms) for nrf_delay_ms
    main.o(i.main) refers to led.o(i.LED1_Close) for LED1_Close
    main.o(i.main) refers to led.o(i.LED2_Open) for LED2_Open
    main.o(i.main) refers to led.o(i.LED3_Open) for LED3_Open
    main.o(i.main) refers to led.o(i.LED4_Open) for LED4_Open
    main.o(i.nrf_delay_ms) refers to main.o(.constdata) for delay_bytecode
    led.o(i.LED1_Close) refers to led.o(i.nrf_gpio_pin_set) for nrf_gpio_pin_set
    led.o(i.LED1_Open) refers to led.o(i.nrf_gpio_pin_clear) for nrf_gpio_pin_clear
    led.o(i.LED1_Toggle) refers to led.o(i.nrf_gpio_pin_toggle) for nrf_gpio_pin_toggle
    led.o(i.LED2_Close) refers to led.o(i.nrf_gpio_pin_set) for nrf_gpio_pin_set
    led.o(i.LED2_Open) refers to led.o(i.nrf_gpio_pin_clear) for nrf_gpio_pin_clear
    led.o(i.LED2_Toggle) refers to led.o(i.nrf_gpio_pin_toggle) for nrf_gpio_pin_toggle
    led.o(i.LED3_Close) refers to led.o(i.nrf_gpio_pin_set) for nrf_gpio_pin_set
    led.o(i.LED3_Open) refers to led.o(i.nrf_gpio_pin_clear) for nrf_gpio_pin_clear
    led.o(i.LED3_Toggle) refers to led.o(i.nrf_gpio_pin_toggle) for nrf_gpio_pin_toggle
    led.o(i.LED4_Close) refers to led.o(i.nrf_gpio_pin_set) for nrf_gpio_pin_set
    led.o(i.LED4_Open) refers to led.o(i.nrf_gpio_pin_clear) for nrf_gpio_pin_clear
    led.o(i.LED4_Toggle) refers to led.o(i.nrf_gpio_pin_toggle) for nrf_gpio_pin_toggle
    led.o(i.LED_Init) refers to led.o(i.nrf_gpio_cfg_output) for nrf_gpio_cfg_output
    arm_startup_nrf52.o(STACK) refers (Special) to heapauxi.o(.text) for __use_two_region_memory
    arm_startup_nrf52.o(HEAP) refers (Special) to heapauxi.o(.text) for __use_two_region_memory
    arm_startup_nrf52.o(RESET) refers (Special) to heapauxi.o(.text) for __use_two_region_memory
    arm_startup_nrf52.o(RESET) refers to arm_startup_nrf52.o(STACK) for __initial_sp
    arm_startup_nrf52.o(RESET) refers to arm_startup_nrf52.o(.text) for Reset_Handler
    arm_startup_nrf52.o(.text) refers (Special) to heapauxi.o(.text) for __use_two_region_memory
    arm_startup_nrf52.o(.text) refers to system_nrf52.o(i.SystemInit) for SystemInit
    arm_startup_nrf52.o(.text) refers to __main.o(!!!main) for __main
    arm_startup_nrf52.o(.text) refers to arm_startup_nrf52.o(HEAP) for Heap_Mem
    arm_startup_nrf52.o(.text) refers to arm_startup_nrf52.o(STACK) for Stack_Mem
    system_nrf52.o(i.SystemCoreClockUpdate) refers to system_nrf52.o(.data) for SystemCoreClock
    system_nrf52.o(i.SystemInit) refers to system_nrf52.o(i.nrf52_errata_12) for nrf52_errata_12
    system_nrf52.o(i.SystemInit) refers to system_nrf52.o(i.nrf52_errata_16) for nrf52_errata_16
    system_nrf52.o(i.SystemInit) refers to system_nrf52.o(i.nrf52_errata_31) for nrf52_errata_31
    system_nrf52.o(i.SystemInit) refers to system_nrf52.o(i.nrf52_errata_32) for nrf52_errata_32
    system_nrf52.o(i.SystemInit) refers to system_nrf52.o(i.nrf52_errata_36) for nrf52_errata_36
    system_nrf52.o(i.SystemInit) refers to system_nrf52.o(i.nrf52_errata_37) for nrf52_errata_37
    system_nrf52.o(i.SystemInit) refers to system_nrf52.o(i.nrf52_errata_57) for nrf52_errata_57
    system_nrf52.o(i.SystemInit) refers to system_nrf52.o(i.nrf52_errata_66) for nrf52_errata_66
    system_nrf52.o(i.SystemInit) refers to system_nrf52.o(i.nrf52_errata_108) for nrf52_errata_108
    system_nrf52.o(i.SystemInit) refers to system_nrf52.o(i.nrf52_errata_136) for nrf52_errata_136
    system_nrf52.o(i.SystemInit) refers to system_nrf52.o(i.nrf52_errata_182) for nrf52_errata_182
    system_nrf52.o(i.SystemInit) refers to system_nrf52.o(i.SystemCoreClockUpdate) for SystemCoreClockUpdate
    __main.o(!!!main) refers to __rtentry.o(.ARM.Collect$$rtentry$$00000000) for __rt_entry
    __rtentry.o(.ARM.Collect$$rtentry$$00000000) refers (Special) to __rtentry2.o(.ARM.Collect$$rtentry$$0000000A) for __rt_entry_li
    __rtentry.o(.ARM.Collect$$rtentry$$00000000) refers (Special) to __rtentry2.o(.ARM.Collect$$rtentry$$0000000D) for __rt_entry_main
    __rtentry.o(.ARM.Collect$$rtentry$$00000000) refers (Special) to __rtentry2.o(.ARM.Collect$$rtentry$$0000000C) for __rt_entry_postli_1
    __rtentry.o(.ARM.Collect$$rtentry$$00000000) refers (Special) to __rtentry2.o(.ARM.Collect$$rtentry$$00000009) for __rt_entry_postsh_1
    __rtentry.o(.ARM.Collect$$rtentry$$00000000) refers (Special) to __rtentry2.o(.ARM.Collect$$rtentry$$00000002) for __rt_entry_presh_1
    __rtentry.o(.ARM.Collect$$rtentry$$00000000) refers (Special) to __rtentry4.o(.ARM.Collect$$rtentry$$00000004) for __rt_entry_sh
    __rtentry2.o(.ARM.Collect$$rtentry$$00000008) refers to boardinit2.o(.text) for _platform_post_stackheap_init
    __rtentry2.o(.ARM.Collect$$rtentry$$0000000A) refers to libinit.o(.ARM.Collect$$libinit$$00000000) for __rt_lib_init
    __rtentry2.o(.ARM.Collect$$rtentry$$0000000B) refers to boardinit3.o(.text) for _platform_post_lib_init
    __rtentry2.o(.ARM.Collect$$rtentry$$0000000D) refers to main.o(i.main) for main
    __rtentry2.o(.ARM.Collect$$rtentry$$0000000D) refers to exit.o(.text) for exit
    __rtentry2.o(.ARM.exidx) refers to __rtentry2.o(.ARM.Collect$$rtentry$$00000001) for .ARM.Collect$$rtentry$$00000001
    __rtentry2.o(.ARM.exidx) refers to __rtentry2.o(.ARM.Collect$$rtentry$$00000008) for .ARM.Collect$$rtentry$$00000008
    __rtentry2.o(.ARM.exidx) refers to __rtentry2.o(.ARM.Collect$$rtentry$$0000000A) for .ARM.Collect$$rtentry$$0000000A
    __rtentry2.o(.ARM.exidx) refers to __rtentry2.o(.ARM.Collect$$rtentry$$0000000B) for .ARM.Collect$$rtentry$$0000000B
    __rtentry2.o(.ARM.exidx) refers to __rtentry2.o(.ARM.Collect$$rtentry$$0000000D) for .ARM.Collect$$rtentry$$0000000D
    __rtentry4.o(.ARM.Collect$$rtentry$$00000004) refers to sys_stackheap_outer.o(.text) for __user_setup_stackheap
    __rtentry4.o(.ARM.exidx) refers to __rtentry4.o(.ARM.Collect$$rtentry$$00000004) for .ARM.Collect$$rtentry$$00000004
    sys_stackheap_outer.o(.text) refers to libspace.o(.text) for __user_perproc_libspace
    sys_stackheap_outer.o(.text) refers to arm_startup_nrf52.o(.text) for __user_initial_stackheap
    exit.o(.text) refers to rtexit.o(.ARM.Collect$$rtexit$$00000000) for __rt_exit
    libinit.o(.ARM.Collect$$libinit$$00000000) refers (Special) to libinit2.o(.ARM.Collect$$libinit$$0000002E) for __rt_lib_init_alloca_1
    libinit.o(.ARM.Collect$$libinit$$00000000) refers (Special) to libinit2.o(.ARM.Collect$$libinit$$0000002C) for __rt_lib_init_argv_1
    libinit.o(.ARM.Collect$$libinit$$00000000) refers (Special) to libinit2.o(.ARM.Collect$$libinit$$0000001B) for __rt_lib_init_atexit_1
    libinit.o(.ARM.Collect$$libinit$$00000000) refers (Special) to libinit2.o(.ARM.Collect$$libinit$$00000021) for __rt_lib_init_clock_1
    libinit.o(.ARM.Collect$$libinit$$00000000) refers (Special) to libinit2.o(.ARM.Collect$$libinit$$00000032) for __rt_lib_init_cpp_1
    libinit.o(.ARM.Collect$$libinit$$00000000) refers (Special) to libinit2.o(.ARM.Collect$$libinit$$00000030) for __rt_lib_init_exceptions_1
    libinit.o(.ARM.Collect$$libinit$$00000000) refers (Special) to libinit2.o(.ARM.Collect$$libinit$$00000001) for __rt_lib_init_fp_1
    libinit.o(.ARM.Collect$$libinit$$00000000) refers (Special) to libinit2.o(.ARM.Collect$$libinit$$0000001F) for __rt_lib_init_fp_trap_1
    libinit.o(.ARM.Collect$$libinit$$00000000) refers (Special) to libinit2.o(.ARM.Collect$$libinit$$00000023) for __rt_lib_init_getenv_1
    libinit.o(.ARM.Collect$$libinit$$00000000) refers (Special) to libinit2.o(.ARM.Collect$$libinit$$0000000A) for __rt_lib_init_heap_1
    libinit.o(.ARM.Collect$$libinit$$00000000) refers (Special) to libinit2.o(.ARM.Collect$$libinit$$00000011) for __rt_lib_init_lc_collate_1
    libinit.o(.ARM.Collect$$libinit$$00000000) refers (Special) to libinit2.o(.ARM.Collect$$libinit$$00000013) for __rt_lib_init_lc_ctype_1
    libinit.o(.ARM.Collect$$libinit$$00000000) refers (Special) to libinit2.o(.ARM.Collect$$libinit$$00000015) for __rt_lib_init_lc_monetary_1
    libinit.o(.ARM.Collect$$libinit$$00000000) refers (Special) to libinit2.o(.ARM.Collect$$libinit$$00000017) for __rt_lib_init_lc_numeric_1
    libinit.o(.ARM.Collect$$libinit$$00000000) refers (Special) to libinit2.o(.ARM.Collect$$libinit$$00000019) for __rt_lib_init_lc_time_1
    libinit.o(.ARM.Collect$$libinit$$00000000) refers (Special) to libinit2.o(.ARM.Collect$$libinit$$00000004) for __rt_lib_init_preinit_1
    libinit.o(.ARM.Collect$$libinit$$00000000) refers (Special) to libinit2.o(.ARM.Collect$$libinit$$0000000E) for __rt_lib_init_rand_1
    libinit.o(.ARM.Collect$$libinit$$00000000) refers (Special) to libinit2.o(.ARM.Collect$$libinit$$00000033) for __rt_lib_init_return
    libinit.o(.ARM.Collect$$libinit$$00000000) refers (Special) to libinit2.o(.ARM.Collect$$libinit$$0000001D) for __rt_lib_init_signal_1
    libinit.o(.ARM.Collect$$libinit$$00000000) refers (Special) to libinit2.o(.ARM.Collect$$libinit$$00000025) for __rt_lib_init_stdio_1
    libinit.o(.ARM.Collect$$libinit$$00000000) refers (Special) to libinit2.o(.ARM.Collect$$libinit$$0000000C) for __rt_lib_init_user_alloc_1
    libspace.o(.text) refers to libspace.o(.bss) for __libspace_start
    rtexit.o(.ARM.Collect$$rtexit$$00000000) refers (Special) to rtexit2.o(.ARM.Collect$$rtexit$$00000004) for __rt_exit_exit
    rtexit.o(.ARM.Collect$$rtexit$$00000000) refers (Special) to rtexit2.o(.ARM.Collect$$rtexit$$00000003) for __rt_exit_ls
    rtexit.o(.ARM.Collect$$rtexit$$00000000) refers (Special) to rtexit2.o(.ARM.Collect$$rtexit$$00000002) for __rt_exit_prels_1
    rtexit.o(.ARM.exidx) refers (Special) to rtexit2.o(.ARM.Collect$$rtexit$$00000004) for __rt_exit_exit
    rtexit.o(.ARM.exidx) refers (Special) to rtexit2.o(.ARM.Collect$$rtexit$$00000003) for __rt_exit_ls
    rtexit.o(.ARM.exidx) refers (Special) to rtexit2.o(.ARM.Collect$$rtexit$$00000002) for __rt_exit_prels_1
    rtexit.o(.ARM.exidx) refers to rtexit.o(.ARM.Collect$$rtexit$$00000000) for .ARM.Collect$$rtexit$$00000000
    libinit2.o(.ARM.Collect$$libinit$$00000001) refers to fpinit.o(x$fpl$fpinit) for _fp_init
    libinit2.o(.ARM.Collect$$libinit$$00000010) refers to libinit2.o(.ARM.Collect$$libinit$$0000000F) for .ARM.Collect$$libinit$$0000000F
    libinit2.o(.ARM.Collect$$libinit$$00000012) refers to libinit2.o(.ARM.Collect$$libinit$$0000000F) for .ARM.Collect$$libinit$$0000000F
    libinit2.o(.ARM.Collect$$libinit$$00000014) refers to libinit2.o(.ARM.Collect$$libinit$$0000000F) for .ARM.Collect$$libinit$$0000000F
    libinit2.o(.ARM.Collect$$libinit$$00000016) refers to libinit2.o(.ARM.Collect$$libinit$$0000000F) for .ARM.Collect$$libinit$$0000000F
    libinit2.o(.ARM.Collect$$libinit$$00000018) refers to libinit2.o(.ARM.Collect$$libinit$$0000000F) for .ARM.Collect$$libinit$$0000000F
    libinit2.o(.ARM.Collect$$libinit$$00000026) refers to argv_veneer.o(.emb_text) for __ARM_argv_veneer
    libinit2.o(.ARM.Collect$$libinit$$00000027) refers to argv_veneer.o(.emb_text) for __ARM_argv_veneer
    rtexit2.o(.ARM.Collect$$rtexit$$00000003) refers to libshutdown.o(.ARM.Collect$$libshutdown$$00000000) for __rt_lib_shutdown
    rtexit2.o(.ARM.Collect$$rtexit$$00000004) refers to sys_exit.o(.text) for _sys_exit
    rtexit2.o(.ARM.exidx) refers to rtexit2.o(.ARM.Collect$$rtexit$$00000001) for .ARM.Collect$$rtexit$$00000001
    rtexit2.o(.ARM.exidx) refers to rtexit2.o(.ARM.Collect$$rtexit$$00000003) for .ARM.Collect$$rtexit$$00000003
    rtexit2.o(.ARM.exidx) refers to rtexit2.o(.ARM.Collect$$rtexit$$00000004) for .ARM.Collect$$rtexit$$00000004
    argv_veneer.o(.emb_text) refers to no_argv.o(.text) for __ARM_get_argv
    sys_exit.o(.text) refers (Special) to use_no_semi.o(.text) for __I$use$semihosting
    sys_exit.o(.text) refers (Special) to indicate_semi.o(.text) for __semihosting_library_function
    _get_argv_nomalloc.o(.text) refers (Special) to hrguard.o(.text) for __heap_region$guard
    _get_argv_nomalloc.o(.text) refers to defsig_rtmem_outer.o(.text) for __rt_SIGRTMEM
    _get_argv_nomalloc.o(.text) refers to sys_command.o(.text) for _sys_command_string
    libshutdown.o(.ARM.Collect$$libshutdown$$00000000) refers (Special) to libshutdown2.o(.ARM.Collect$$libshutdown$$00000004) for __rt_lib_shutdown_cpp_1
    libshutdown.o(.ARM.Collect$$libshutdown$$00000000) refers (Special) to libshutdown2.o(.ARM.Collect$$libshutdown$$00000002) for __rt_lib_shutdown_fini_1
    libshutdown.o(.ARM.Collect$$libshutdown$$00000000) refers (Special) to libshutdown2.o(.ARM.Collect$$libshutdown$$00000009) for __rt_lib_shutdown_fp_trap_1
    libshutdown.o(.ARM.Collect$$libshutdown$$00000000) refers (Special) to libshutdown2.o(.ARM.Collect$$libshutdown$$00000011) for __rt_lib_shutdown_heap_1
    libshutdown.o(.ARM.Collect$$libshutdown$$00000000) refers (Special) to libshutdown2.o(.ARM.Collect$$libshutdown$$00000012) for __rt_lib_shutdown_return
    libshutdown.o(.ARM.Collect$$libshutdown$$00000000) refers (Special) to libshutdown2.o(.ARM.Collect$$libshutdown$$0000000C) for __rt_lib_shutdown_signal_1
    libshutdown.o(.ARM.Collect$$libshutdown$$00000000) refers (Special) to libshutdown2.o(.ARM.Collect$$libshutdown$$00000006) for __rt_lib_shutdown_stdio_1
    libshutdown.o(.ARM.Collect$$libshutdown$$00000000) refers (Special) to libshutdown2.o(.ARM.Collect$$libshutdown$$0000000E) for __rt_lib_shutdown_user_alloc_1
    sys_command.o(.text) refers (Special) to use_no_semi.o(.text) for __I$use$semihosting
    sys_command.o(.text) refers (Special) to indicate_semi.o(.text) for __semihosting_library_function
    defsig_rtmem_outer.o(.text) refers to defsig_rtmem_inner.o(.text) for __rt_SIGRTMEM_inner
    defsig_rtmem_outer.o(.text) refers to defsig_exit.o(.text) for __sig_exit
    defsig_rtmem_formal.o(.text) refers to rt_raise.o(.text) for __rt_raise
    rt_raise.o(.text) refers to __raise.o(.text) for __raise
    rt_raise.o(.text) refers to sys_exit.o(.text) for _sys_exit
    defsig_exit.o(.text) refers to sys_exit.o(.text) for _sys_exit
    defsig_rtmem_inner.o(.text) refers to defsig_general.o(.text) for __default_signal_display
    __raise.o(.text) refers to defsig.o(CL$$defsig) for __default_signal_handler
    defsig_general.o(.text) refers to sys_wrch.o(.text) for _ttywrch
    sys_wrch.o(.text) refers (Special) to use_no_semi.o(.text) for __I$use$semihosting
    sys_wrch.o(.text) refers (Special) to indicate_semi.o(.text) for __semihosting_library_function
    defsig.o(CL$$defsig) refers to defsig_rtmem_inner.o(.text) for __rt_SIGRTMEM_inner
    defsig_abrt_inner.o(.text) refers to defsig_general.o(.text) for __default_signal_display
    defsig_fpe_inner.o(.text) refers to defsig_general.o(.text) for __default_signal_display
    defsig_rtred_inner.o(.text) refers to defsig_general.o(.text) for __default_signal_display
    defsig_stak_inner.o(.text) refers to defsig_general.o(.text) for __default_signal_display
    defsig_pvfn_inner.o(.text) refers to defsig_general.o(.text) for __default_signal_display
    defsig_cppl_inner.o(.text) refers to defsig_general.o(.text) for __default_signal_display
    defsig_segv_inner.o(.text) refers to defsig_general.o(.text) for __default_signal_display
    defsig_other.o(.text) refers to defsig_general.o(.text) for __default_signal_display


==============================================================================

Removing Unused input sections from the image.

    Removing main.o(.rev16_text), (4 bytes).
    Removing main.o(.revsh_text), (4 bytes).
    Removing main.o(.rrx_text), (6 bytes).
    Removing led.o(.rev16_text), (4 bytes).
    Removing led.o(.revsh_text), (4 bytes).
    Removing led.o(.rrx_text), (6 bytes).
    Removing led.o(i.LED1_Toggle), (10 bytes).
    Removing led.o(i.LED2_Toggle), (10 bytes).
    Removing led.o(i.LED3_Toggle), (10 bytes).
    Removing led.o(i.LED4_Toggle), (10 bytes).
    Removing led.o(i.nrf_gpio_pin_toggle), (34 bytes).
    Removing system_nrf52.o(.rev16_text), (4 bytes).
    Removing system_nrf52.o(.revsh_text), (4 bytes).
    Removing system_nrf52.o(.rrx_text), (6 bytes).
    Removing system_nrf52.o(i.nrf51_errata_1), (4 bytes).
    Removing system_nrf52.o(i.nrf51_errata_10), (4 bytes).
    Removing system_nrf52.o(i.nrf51_errata_11), (4 bytes).
    Removing system_nrf52.o(i.nrf51_errata_12), (4 bytes).
    Removing system_nrf52.o(i.nrf51_errata_13), (4 bytes).
    Removing system_nrf52.o(i.nrf51_errata_14), (4 bytes).
    Removing system_nrf52.o(i.nrf51_errata_15), (4 bytes).
    Removing system_nrf52.o(i.nrf51_errata_16), (4 bytes).
    Removing system_nrf52.o(i.nrf51_errata_17), (4 bytes).
    Removing system_nrf52.o(i.nrf51_errata_18), (4 bytes).
    Removing system_nrf52.o(i.nrf51_errata_19), (4 bytes).
    Removing system_nrf52.o(i.nrf51_errata_2), (4 bytes).
    Removing system_nrf52.o(i.nrf51_errata_20), (4 bytes).
    Removing system_nrf52.o(i.nrf51_errata_21), (4 bytes).
    Removing system_nrf52.o(i.nrf51_errata_22), (4 bytes).
    Removing system_nrf52.o(i.nrf51_errata_23), (4 bytes).
    Removing system_nrf52.o(i.nrf51_errata_24), (4 bytes).
    Removing system_nrf52.o(i.nrf51_errata_25), (4 bytes).
    Removing system_nrf52.o(i.nrf51_errata_26), (4 bytes).
    Removing system_nrf52.o(i.nrf51_errata_27), (4 bytes).
    Removing system_nrf52.o(i.nrf51_errata_28), (4 bytes).
    Removing system_nrf52.o(i.nrf51_errata_29), (4 bytes).
    Removing system_nrf52.o(i.nrf51_errata_3), (4 bytes).
    Removing system_nrf52.o(i.nrf51_errata_30), (4 bytes).
    Removing system_nrf52.o(i.nrf51_errata_31), (4 bytes).
    Removing system_nrf52.o(i.nrf51_errata_32), (4 bytes).
    Removing system_nrf52.o(i.nrf51_errata_33), (4 bytes).
    Removing system_nrf52.o(i.nrf51_errata_34), (4 bytes).
    Removing system_nrf52.o(i.nrf51_errata_35), (4 bytes).
    Removing system_nrf52.o(i.nrf51_errata_36), (4 bytes).
    Removing system_nrf52.o(i.nrf51_errata_37), (4 bytes).
    Removing system_nrf52.o(i.nrf51_errata_38), (4 bytes).
    Removing system_nrf52.o(i.nrf51_errata_39), (4 bytes).
    Removing system_nrf52.o(i.nrf51_errata_4), (4 bytes).
    Removing system_nrf52.o(i.nrf51_errata_40), (4 bytes).
    Removing system_nrf52.o(i.nrf51_errata_41), (4 bytes).
    Removing system_nrf52.o(i.nrf51_errata_42), (4 bytes).
    Removing system_nrf52.o(i.nrf51_errata_43), (4 bytes).
    Removing system_nrf52.o(i.nrf51_errata_44), (4 bytes).
    Removing system_nrf52.o(i.nrf51_errata_45), (4 bytes).
    Removing system_nrf52.o(i.nrf51_errata_46), (4 bytes).
    Removing system_nrf52.o(i.nrf51_errata_47), (4 bytes).
    Removing system_nrf52.o(i.nrf51_errata_48), (4 bytes).
    Removing system_nrf52.o(i.nrf51_errata_49), (4 bytes).
    Removing system_nrf52.o(i.nrf51_errata_5), (4 bytes).
    Removing system_nrf52.o(i.nrf51_errata_50), (4 bytes).
    Removing system_nrf52.o(i.nrf51_errata_51), (4 bytes).
    Removing system_nrf52.o(i.nrf51_errata_52), (4 bytes).
    Removing system_nrf52.o(i.nrf51_errata_53), (4 bytes).
    Removing system_nrf52.o(i.nrf51_errata_54), (4 bytes).
    Removing system_nrf52.o(i.nrf51_errata_55), (4 bytes).
    Removing system_nrf52.o(i.nrf51_errata_56), (4 bytes).
    Removing system_nrf52.o(i.nrf51_errata_57), (4 bytes).
    Removing system_nrf52.o(i.nrf51_errata_58), (4 bytes).
    Removing system_nrf52.o(i.nrf51_errata_59), (4 bytes).
    Removing system_nrf52.o(i.nrf51_errata_6), (4 bytes).
    Removing system_nrf52.o(i.nrf51_errata_60), (4 bytes).
    Removing system_nrf52.o(i.nrf51_errata_61), (4 bytes).
    Removing system_nrf52.o(i.nrf51_errata_62), (4 bytes).
    Removing system_nrf52.o(i.nrf51_errata_63), (4 bytes).
    Removing system_nrf52.o(i.nrf51_errata_64), (4 bytes).
    Removing system_nrf52.o(i.nrf51_errata_65), (4 bytes).
    Removing system_nrf52.o(i.nrf51_errata_66), (4 bytes).
    Removing system_nrf52.o(i.nrf51_errata_67), (4 bytes).
    Removing system_nrf52.o(i.nrf51_errata_68), (4 bytes).
    Removing system_nrf52.o(i.nrf51_errata_69), (4 bytes).
    Removing system_nrf52.o(i.nrf51_errata_7), (4 bytes).
    Removing system_nrf52.o(i.nrf51_errata_70), (4 bytes).
    Removing system_nrf52.o(i.nrf51_errata_71), (4 bytes).
    Removing system_nrf52.o(i.nrf51_errata_72), (4 bytes).
    Removing system_nrf52.o(i.nrf51_errata_73), (4 bytes).
    Removing system_nrf52.o(i.nrf51_errata_74), (4 bytes).
    Removing system_nrf52.o(i.nrf51_errata_75), (4 bytes).
    Removing system_nrf52.o(i.nrf51_errata_76), (4 bytes).
    Removing system_nrf52.o(i.nrf51_errata_77), (4 bytes).
    Removing system_nrf52.o(i.nrf51_errata_78), (4 bytes).
    Removing system_nrf52.o(i.nrf51_errata_8), (4 bytes).
    Removing system_nrf52.o(i.nrf51_errata_9), (4 bytes).
    Removing system_nrf52.o(i.nrf52_errata_1), (60 bytes).
    Removing system_nrf52.o(i.nrf52_errata_10), (60 bytes).
    Removing system_nrf52.o(i.nrf52_errata_101), (88 bytes).
    Removing system_nrf52.o(i.nrf52_errata_102), (88 bytes).
    Removing system_nrf52.o(i.nrf52_errata_103), (4 bytes).
    Removing system_nrf52.o(i.nrf52_errata_104), (4 bytes).
    Removing system_nrf52.o(i.nrf52_errata_106), (88 bytes).
    Removing system_nrf52.o(i.nrf52_errata_107), (88 bytes).
    Removing system_nrf52.o(i.nrf52_errata_109), (88 bytes).
    Removing system_nrf52.o(i.nrf52_errata_11), (60 bytes).
    Removing system_nrf52.o(i.nrf52_errata_110), (4 bytes).
    Removing system_nrf52.o(i.nrf52_errata_111), (4 bytes).
    Removing system_nrf52.o(i.nrf52_errata_112), (4 bytes).
    Removing system_nrf52.o(i.nrf52_errata_113), (88 bytes).
    Removing system_nrf52.o(i.nrf52_errata_115), (4 bytes).
    Removing system_nrf52.o(i.nrf52_errata_116), (4 bytes).
    Removing system_nrf52.o(i.nrf52_errata_117), (4 bytes).
    Removing system_nrf52.o(i.nrf52_errata_118), (4 bytes).
    Removing system_nrf52.o(i.nrf52_errata_119), (4 bytes).
    Removing system_nrf52.o(i.nrf52_errata_120), (4 bytes).
    Removing system_nrf52.o(i.nrf52_errata_121), (4 bytes).
    Removing system_nrf52.o(i.nrf52_errata_122), (4 bytes).
    Removing system_nrf52.o(i.nrf52_errata_127), (4 bytes).
    Removing system_nrf52.o(i.nrf52_errata_128), (4 bytes).
    Removing system_nrf52.o(i.nrf52_errata_131), (4 bytes).
    Removing system_nrf52.o(i.nrf52_errata_132), (88 bytes).
    Removing system_nrf52.o(i.nrf52_errata_133), (4 bytes).
    Removing system_nrf52.o(i.nrf52_errata_134), (4 bytes).
    Removing system_nrf52.o(i.nrf52_errata_135), (4 bytes).
    Removing system_nrf52.o(i.nrf52_errata_138), (88 bytes).
    Removing system_nrf52.o(i.nrf52_errata_140), (4 bytes).
    Removing system_nrf52.o(i.nrf52_errata_141), (88 bytes).
    Removing system_nrf52.o(i.nrf52_errata_142), (4 bytes).
    Removing system_nrf52.o(i.nrf52_errata_143), (88 bytes).
    Removing system_nrf52.o(i.nrf52_errata_144), (4 bytes).
    Removing system_nrf52.o(i.nrf52_errata_145), (4 bytes).
    Removing system_nrf52.o(i.nrf52_errata_146), (88 bytes).
    Removing system_nrf52.o(i.nrf52_errata_147), (4 bytes).
    Removing system_nrf52.o(i.nrf52_errata_149), (88 bytes).
    Removing system_nrf52.o(i.nrf52_errata_15), (88 bytes).
    Removing system_nrf52.o(i.nrf52_errata_150), (88 bytes).
    Removing system_nrf52.o(i.nrf52_errata_151), (4 bytes).
    Removing system_nrf52.o(i.nrf52_errata_153), (4 bytes).
    Removing system_nrf52.o(i.nrf52_errata_154), (4 bytes).
    Removing system_nrf52.o(i.nrf52_errata_155), (88 bytes).
    Removing system_nrf52.o(i.nrf52_errata_156), (88 bytes).
    Removing system_nrf52.o(i.nrf52_errata_158), (4 bytes).
    Removing system_nrf52.o(i.nrf52_errata_160), (4 bytes).
    Removing system_nrf52.o(i.nrf52_errata_162), (4 bytes).
    Removing system_nrf52.o(i.nrf52_errata_163), (88 bytes).
    Removing system_nrf52.o(i.nrf52_errata_164), (4 bytes).
    Removing system_nrf52.o(i.nrf52_errata_166), (4 bytes).
    Removing system_nrf52.o(i.nrf52_errata_17), (60 bytes).
    Removing system_nrf52.o(i.nrf52_errata_170), (4 bytes).
    Removing system_nrf52.o(i.nrf52_errata_171), (4 bytes).
    Removing system_nrf52.o(i.nrf52_errata_172), (4 bytes).
    Removing system_nrf52.o(i.nrf52_errata_173), (88 bytes).
    Removing system_nrf52.o(i.nrf52_errata_174), (4 bytes).
    Removing system_nrf52.o(i.nrf52_errata_176), (88 bytes).
    Removing system_nrf52.o(i.nrf52_errata_178), (88 bytes).
    Removing system_nrf52.o(i.nrf52_errata_179), (88 bytes).
    Removing system_nrf52.o(i.nrf52_errata_180), (4 bytes).
    Removing system_nrf52.o(i.nrf52_errata_181), (88 bytes).
    Removing system_nrf52.o(i.nrf52_errata_183), (88 bytes).
    Removing system_nrf52.o(i.nrf52_errata_184), (4 bytes).
    Removing system_nrf52.o(i.nrf52_errata_186), (4 bytes).
    Removing system_nrf52.o(i.nrf52_errata_187), (4 bytes).
    Removing system_nrf52.o(i.nrf52_errata_189), (4 bytes).
    Removing system_nrf52.o(i.nrf52_errata_190), (4 bytes).
    Removing system_nrf52.o(i.nrf52_errata_191), (4 bytes).
    Removing system_nrf52.o(i.nrf52_errata_192), (88 bytes).
    Removing system_nrf52.o(i.nrf52_errata_193), (4 bytes).
    Removing system_nrf52.o(i.nrf52_errata_194), (88 bytes).
    Removing system_nrf52.o(i.nrf52_errata_195), (4 bytes).
    Removing system_nrf52.o(i.nrf52_errata_196), (88 bytes).
    Removing system_nrf52.o(i.nrf52_errata_197), (4 bytes).
    Removing system_nrf52.o(i.nrf52_errata_198), (4 bytes).
    Removing system_nrf52.o(i.nrf52_errata_199), (4 bytes).
    Removing system_nrf52.o(i.nrf52_errata_2), (60 bytes).
    Removing system_nrf52.o(i.nrf52_errata_20), (88 bytes).
    Removing system_nrf52.o(i.nrf52_errata_200), (4 bytes).
    Removing system_nrf52.o(i.nrf52_errata_201), (88 bytes).
    Removing system_nrf52.o(i.nrf52_errata_202), (4 bytes).
    Removing system_nrf52.o(i.nrf52_errata_204), (88 bytes).
    Removing system_nrf52.o(i.nrf52_errata_208), (4 bytes).
    Removing system_nrf52.o(i.nrf52_errata_209), (4 bytes).
    Removing system_nrf52.o(i.nrf52_errata_210), (88 bytes).
    Removing system_nrf52.o(i.nrf52_errata_212), (88 bytes).
    Removing system_nrf52.o(i.nrf52_errata_213), (88 bytes).
    Removing system_nrf52.o(i.nrf52_errata_214), (4 bytes).
    Removing system_nrf52.o(i.nrf52_errata_215), (4 bytes).
    Removing system_nrf52.o(i.nrf52_errata_216), (4 bytes).
    Removing system_nrf52.o(i.nrf52_errata_217), (4 bytes).
    Removing system_nrf52.o(i.nrf52_errata_218), (88 bytes).
    Removing system_nrf52.o(i.nrf52_errata_219), (88 bytes).
    Removing system_nrf52.o(i.nrf52_errata_220), (88 bytes).
    Removing system_nrf52.o(i.nrf52_errata_225), (4 bytes).
    Removing system_nrf52.o(i.nrf52_errata_228), (4 bytes).
    Removing system_nrf52.o(i.nrf52_errata_23), (60 bytes).
    Removing system_nrf52.o(i.nrf52_errata_230), (4 bytes).
    Removing system_nrf52.o(i.nrf52_errata_231), (4 bytes).
    Removing system_nrf52.o(i.nrf52_errata_24), (60 bytes).
    Removing system_nrf52.o(i.nrf52_errata_25), (60 bytes).
    Removing system_nrf52.o(i.nrf52_errata_26), (60 bytes).
    Removing system_nrf52.o(i.nrf52_errata_27), (60 bytes).
    Removing system_nrf52.o(i.nrf52_errata_28), (60 bytes).
    Removing system_nrf52.o(i.nrf52_errata_29), (60 bytes).
    Removing system_nrf52.o(i.nrf52_errata_3), (60 bytes).
    Removing system_nrf52.o(i.nrf52_errata_30), (60 bytes).
    Removing system_nrf52.o(i.nrf52_errata_33), (60 bytes).
    Removing system_nrf52.o(i.nrf52_errata_34), (60 bytes).
    Removing system_nrf52.o(i.nrf52_errata_35), (60 bytes).
    Removing system_nrf52.o(i.nrf52_errata_38), (60 bytes).
    Removing system_nrf52.o(i.nrf52_errata_39), (60 bytes).
    Removing system_nrf52.o(i.nrf52_errata_4), (60 bytes).
    Removing system_nrf52.o(i.nrf52_errata_40), (60 bytes).
    Removing system_nrf52.o(i.nrf52_errata_41), (60 bytes).
    Removing system_nrf52.o(i.nrf52_errata_42), (60 bytes).
    Removing system_nrf52.o(i.nrf52_errata_43), (60 bytes).
    Removing system_nrf52.o(i.nrf52_errata_44), (60 bytes).
    Removing system_nrf52.o(i.nrf52_errata_46), (60 bytes).
    Removing system_nrf52.o(i.nrf52_errata_47), (60 bytes).
    Removing system_nrf52.o(i.nrf52_errata_48), (60 bytes).
    Removing system_nrf52.o(i.nrf52_errata_49), (60 bytes).
    Removing system_nrf52.o(i.nrf52_errata_51), (88 bytes).
    Removing system_nrf52.o(i.nrf52_errata_54), (88 bytes).
    Removing system_nrf52.o(i.nrf52_errata_55), (88 bytes).
    Removing system_nrf52.o(i.nrf52_errata_58), (88 bytes).
    Removing system_nrf52.o(i.nrf52_errata_62), (60 bytes).
    Removing system_nrf52.o(i.nrf52_errata_63), (60 bytes).
    Removing system_nrf52.o(i.nrf52_errata_64), (88 bytes).
    Removing system_nrf52.o(i.nrf52_errata_65), (60 bytes).
    Removing system_nrf52.o(i.nrf52_errata_67), (88 bytes).
    Removing system_nrf52.o(i.nrf52_errata_68), (88 bytes).
    Removing system_nrf52.o(i.nrf52_errata_7), (60 bytes).
    Removing system_nrf52.o(i.nrf52_errata_70), (60 bytes).
    Removing system_nrf52.o(i.nrf52_errata_71), (60 bytes).
    Removing system_nrf52.o(i.nrf52_errata_72), (88 bytes).
    Removing system_nrf52.o(i.nrf52_errata_73), (60 bytes).
    Removing system_nrf52.o(i.nrf52_errata_74), (88 bytes).
    Removing system_nrf52.o(i.nrf52_errata_75), (88 bytes).
    Removing system_nrf52.o(i.nrf52_errata_76), (88 bytes).
    Removing system_nrf52.o(i.nrf52_errata_77), (88 bytes).
    Removing system_nrf52.o(i.nrf52_errata_78), (88 bytes).
    Removing system_nrf52.o(i.nrf52_errata_79), (88 bytes).
    Removing system_nrf52.o(i.nrf52_errata_8), (60 bytes).
    Removing system_nrf52.o(i.nrf52_errata_81), (88 bytes).
    Removing system_nrf52.o(i.nrf52_errata_83), (88 bytes).
    Removing system_nrf52.o(i.nrf52_errata_84), (88 bytes).
    Removing system_nrf52.o(i.nrf52_errata_86), (88 bytes).
    Removing system_nrf52.o(i.nrf52_errata_87), (88 bytes).
    Removing system_nrf52.o(i.nrf52_errata_88), (88 bytes).
    Removing system_nrf52.o(i.nrf52_errata_89), (88 bytes).
    Removing system_nrf52.o(i.nrf52_errata_9), (60 bytes).
    Removing system_nrf52.o(i.nrf52_errata_91), (88 bytes).
    Removing system_nrf52.o(i.nrf52_errata_94), (4 bytes).
    Removing system_nrf52.o(i.nrf52_errata_96), (4 bytes).
    Removing system_nrf52.o(i.nrf52_errata_97), (88 bytes).
    Removing system_nrf52.o(i.nrf52_errata_98), (4 bytes).
    Removing system_nrf52.o(i.nrf53_errata_1), (4 bytes).
    Removing system_nrf52.o(i.nrf53_errata_10), (4 bytes).
    Removing system_nrf52.o(i.nrf53_errata_11), (4 bytes).
    Removing system_nrf52.o(i.nrf53_errata_12), (4 bytes).
    Removing system_nrf52.o(i.nrf53_errata_13), (4 bytes).
    Removing system_nrf52.o(i.nrf53_errata_14), (4 bytes).
    Removing system_nrf52.o(i.nrf53_errata_15), (4 bytes).
    Removing system_nrf52.o(i.nrf53_errata_16), (4 bytes).
    Removing system_nrf52.o(i.nrf53_errata_18), (4 bytes).
    Removing system_nrf52.o(i.nrf53_errata_19), (4 bytes).
    Removing system_nrf52.o(i.nrf53_errata_2), (4 bytes).
    Removing system_nrf52.o(i.nrf53_errata_20), (4 bytes).
    Removing system_nrf52.o(i.nrf53_errata_21), (4 bytes).
    Removing system_nrf52.o(i.nrf53_errata_22), (4 bytes).
    Removing system_nrf52.o(i.nrf53_errata_23), (4 bytes).
    Removing system_nrf52.o(i.nrf53_errata_26), (4 bytes).
    Removing system_nrf52.o(i.nrf53_errata_27), (4 bytes).
    Removing system_nrf52.o(i.nrf53_errata_28), (4 bytes).
    Removing system_nrf52.o(i.nrf53_errata_29), (4 bytes).
    Removing system_nrf52.o(i.nrf53_errata_3), (4 bytes).
    Removing system_nrf52.o(i.nrf53_errata_30), (4 bytes).
    Removing system_nrf52.o(i.nrf53_errata_32), (4 bytes).
    Removing system_nrf52.o(i.nrf53_errata_33), (4 bytes).
    Removing system_nrf52.o(i.nrf53_errata_37), (4 bytes).
    Removing system_nrf52.o(i.nrf53_errata_4), (4 bytes).
    Removing system_nrf52.o(i.nrf53_errata_42), (4 bytes).
    Removing system_nrf52.o(i.nrf53_errata_43), (4 bytes).
    Removing system_nrf52.o(i.nrf53_errata_44), (4 bytes).
    Removing system_nrf52.o(i.nrf53_errata_45), (4 bytes).
    Removing system_nrf52.o(i.nrf53_errata_46), (4 bytes).
    Removing system_nrf52.o(i.nrf53_errata_47), (4 bytes).
    Removing system_nrf52.o(i.nrf53_errata_49), (4 bytes).
    Removing system_nrf52.o(i.nrf53_errata_5), (4 bytes).
    Removing system_nrf52.o(i.nrf53_errata_50), (4 bytes).
    Removing system_nrf52.o(i.nrf53_errata_51), (4 bytes).
    Removing system_nrf52.o(i.nrf53_errata_53), (4 bytes).
    Removing system_nrf52.o(i.nrf53_errata_54), (4 bytes).
    Removing system_nrf52.o(i.nrf53_errata_55), (4 bytes).
    Removing system_nrf52.o(i.nrf53_errata_57), (4 bytes).
    Removing system_nrf52.o(i.nrf53_errata_58), (4 bytes).
    Removing system_nrf52.o(i.nrf53_errata_59), (4 bytes).
    Removing system_nrf52.o(i.nrf53_errata_6), (4 bytes).
    Removing system_nrf52.o(i.nrf53_errata_62), (4 bytes).
    Removing system_nrf52.o(i.nrf53_errata_64), (4 bytes).
    Removing system_nrf52.o(i.nrf53_errata_65), (4 bytes).
    Removing system_nrf52.o(i.nrf53_errata_66), (4 bytes).
    Removing system_nrf52.o(i.nrf53_errata_67), (4 bytes).
    Removing system_nrf52.o(i.nrf53_errata_69), (4 bytes).
    Removing system_nrf52.o(i.nrf53_errata_7), (4 bytes).
    Removing system_nrf52.o(i.nrf53_errata_70), (4 bytes).
    Removing system_nrf52.o(i.nrf53_errata_71), (4 bytes).
    Removing system_nrf52.o(i.nrf53_errata_72), (4 bytes).
    Removing system_nrf52.o(i.nrf53_errata_73), (4 bytes).
    Removing system_nrf52.o(i.nrf53_errata_74), (4 bytes).
    Removing system_nrf52.o(i.nrf53_errata_75), (4 bytes).
    Removing system_nrf52.o(i.nrf53_errata_79), (4 bytes).
    Removing system_nrf52.o(i.nrf53_errata_8), (4 bytes).
    Removing system_nrf52.o(i.nrf53_errata_80), (4 bytes).
    Removing system_nrf52.o(i.nrf53_errata_81), (4 bytes).
    Removing system_nrf52.o(i.nrf53_errata_82), (4 bytes).
    Removing system_nrf52.o(i.nrf53_errata_83), (4 bytes).
    Removing system_nrf52.o(i.nrf53_errata_84), (4 bytes).
    Removing system_nrf52.o(i.nrf53_errata_9), (4 bytes).
    Removing system_nrf52.o(i.nrf53_errata_90), (4 bytes).
    Removing system_nrf52.o(i.nrf53_errata_97), (4 bytes).
    Removing system_nrf52.o(i.nrf91_errata_1), (4 bytes).
    Removing system_nrf52.o(i.nrf91_errata_10), (4 bytes).
    Removing system_nrf52.o(i.nrf91_errata_12), (4 bytes).
    Removing system_nrf52.o(i.nrf91_errata_14), (4 bytes).
    Removing system_nrf52.o(i.nrf91_errata_15), (4 bytes).
    Removing system_nrf52.o(i.nrf91_errata_16), (4 bytes).
    Removing system_nrf52.o(i.nrf91_errata_17), (4 bytes).
    Removing system_nrf52.o(i.nrf91_errata_2), (4 bytes).
    Removing system_nrf52.o(i.nrf91_errata_20), (4 bytes).
    Removing system_nrf52.o(i.nrf91_errata_21), (4 bytes).
    Removing system_nrf52.o(i.nrf91_errata_23), (4 bytes).
    Removing system_nrf52.o(i.nrf91_errata_24), (4 bytes).
    Removing system_nrf52.o(i.nrf91_errata_26), (4 bytes).
    Removing system_nrf52.o(i.nrf91_errata_27), (4 bytes).
    Removing system_nrf52.o(i.nrf91_errata_28), (4 bytes).
    Removing system_nrf52.o(i.nrf91_errata_29), (4 bytes).
    Removing system_nrf52.o(i.nrf91_errata_30), (4 bytes).
    Removing system_nrf52.o(i.nrf91_errata_31), (4 bytes).
    Removing system_nrf52.o(i.nrf91_errata_32), (4 bytes).
    Removing system_nrf52.o(i.nrf91_errata_33), (4 bytes).
    Removing system_nrf52.o(i.nrf91_errata_4), (4 bytes).
    Removing system_nrf52.o(i.nrf91_errata_6), (4 bytes).
    Removing system_nrf52.o(i.nrf91_errata_7), (4 bytes).
    Removing system_nrf52.o(i.nrf91_errata_8), (4 bytes).
    Removing system_nrf52.o(i.nrf91_errata_9), (4 bytes).

341 unused section(s) (total 8424 bytes) removed from the image.

==============================================================================

Image Symbol Table

    Local Symbols

    Symbol Name                              Value     Ov Type        Size  Object(Section)

    RESET                                    0x00000000   Section      512  arm_startup_nrf52.o(RESET)
    ../clib/angel/boardlib.s                 0x00000000   Number         0  boardinit1.o ABSOLUTE
    ../clib/angel/boardlib.s                 0x00000000   Number         0  boardinit2.o ABSOLUTE
    ../clib/angel/boardlib.s                 0x00000000   Number         0  boardinit3.o ABSOLUTE
    ../clib/angel/boardlib.s                 0x00000000   Number         0  boardshut.o ABSOLUTE
    ../clib/angel/handlers.s                 0x00000000   Number         0  __scatter_zi.o ABSOLUTE
    ../clib/angel/handlers.s                 0x00000000   Number         0  __scatter_copy.o ABSOLUTE
    ../clib/angel/kernel.s                   0x00000000   Number         0  rtexit2.o ABSOLUTE
    ../clib/angel/kernel.s                   0x00000000   Number         0  __rtentry4.o ABSOLUTE
    ../clib/angel/kernel.s                   0x00000000   Number         0  rtexit.o ABSOLUTE
    ../clib/angel/kernel.s                   0x00000000   Number         0  __rtentry.o ABSOLUTE
    ../clib/angel/kernel.s                   0x00000000   Number         0  __rtentry2.o ABSOLUTE
    ../clib/angel/rt.s                       0x00000000   Number         0  rt_raise.o ABSOLUTE
    ../clib/angel/scatter.s                  0x00000000   Number         0  __scatter.o ABSOLUTE
    ../clib/angel/startup.s                  0x00000000   Number         0  __main.o ABSOLUTE
    ../clib/angel/sys.s                      0x00000000   Number         0  sys_stackheap_outer.o ABSOLUTE
    ../clib/angel/sys.s                      0x00000000   Number         0  libspace.o ABSOLUTE
    ../clib/angel/sys.s                      0x00000000   Number         0  indicate_semi.o ABSOLUTE
    ../clib/angel/sys.s                      0x00000000   Number         0  use_no_semi.o ABSOLUTE
    ../clib/angel/sysapp.c                   0x00000000   Number         0  sys_exit.o ABSOLUTE
    ../clib/angel/sysapp.c                   0x00000000   Number         0  sys_command.o ABSOLUTE
    ../clib/angel/sysapp.c                   0x00000000   Number         0  sys_wrch.o ABSOLUTE
    ../clib/armsys.c                         0x00000000   Number         0  argv_veneer.o ABSOLUTE
    ../clib/armsys.c                         0x00000000   Number         0  argv_veneer.o ABSOLUTE
    ../clib/armsys.c                         0x00000000   Number         0  _get_argv_nomalloc.o ABSOLUTE
    ../clib/armsys.c                         0x00000000   Number         0  no_argv.o ABSOLUTE
    ../clib/heapalloc.c                      0x00000000   Number         0  hrguard.o ABSOLUTE
    ../clib/heapaux.c                        0x00000000   Number         0  heapauxi.o ABSOLUTE
    ../clib/libinit.s                        0x00000000   Number         0  libinit2.o ABSOLUTE
    ../clib/libinit.s                        0x00000000   Number         0  libshutdown.o ABSOLUTE
    ../clib/libinit.s                        0x00000000   Number         0  libshutdown2.o ABSOLUTE
    ../clib/libinit.s                        0x00000000   Number         0  libinit.o ABSOLUTE
    ../clib/signal.c                         0x00000000   Number         0  defsig_rtred_inner.o ABSOLUTE
    ../clib/signal.c                         0x00000000   Number         0  defsig_fpe_inner.o ABSOLUTE
    ../clib/signal.c                         0x00000000   Number         0  defsig_general.o ABSOLUTE
    ../clib/signal.c                         0x00000000   Number         0  __raise.o ABSOLUTE
    ../clib/signal.c                         0x00000000   Number         0  defsig_rtmem_inner.o ABSOLUTE
    ../clib/signal.c                         0x00000000   Number         0  defsig_abrt_inner.o ABSOLUTE
    ../clib/signal.c                         0x00000000   Number         0  defsig_rtmem_formal.o ABSOLUTE
    ../clib/signal.c                         0x00000000   Number         0  defsig_rtmem_outer.o ABSOLUTE
    ../clib/signal.c                         0x00000000   Number         0  defsig_exit.o ABSOLUTE
    ../clib/signal.c                         0x00000000   Number         0  defsig_other.o ABSOLUTE
    ../clib/signal.c                         0x00000000   Number         0  defsig_segv_inner.o ABSOLUTE
    ../clib/signal.c                         0x00000000   Number         0  defsig_cppl_inner.o ABSOLUTE
    ../clib/signal.c                         0x00000000   Number         0  defsig_pvfn_inner.o ABSOLUTE
    ../clib/signal.c                         0x00000000   Number         0  defsig_stak_inner.o ABSOLUTE
    ../clib/signal.s                         0x00000000   Number         0  defsig.o ABSOLUTE
    ../clib/stdlib.c                         0x00000000   Number         0  exit.o ABSOLUTE
    ../fplib/fpinit.s                        0x00000000   Number         0  fpinit.o ABSOLUTE
    ..\..\..\..\..\drive\led.c               0x00000000   Number         0  led.o ABSOLUTE
    ..\..\main.c                             0x00000000   Number         0  main.o ABSOLUTE
    ..\\..\\..\\..\\..\\drive\\led.c         0x00000000   Number         0  led.o ABSOLUTE
    ..\\..\\main.c                           0x00000000   Number         0  main.o ABSOLUTE
    RTE\Device\nRF52832_xxAA\arm_startup_nrf52.s 0x00000000   Number         0  arm_startup_nrf52.o ABSOLUTE
    RTE\Device\nRF52832_xxAA\system_nrf52.c  0x00000000   Number         0  system_nrf52.o ABSOLUTE
    RTE\\Device\\nRF52832_xxAA\\system_nrf52.c 0x00000000   Number         0  system_nrf52.o ABSOLUTE
    dc.s                                     0x00000000   Number         0  dc.o ABSOLUTE
    !!!main                                  0x00000200   Section        8  __main.o(!!!main)
    !!!scatter                               0x00000208   Section       52  __scatter.o(!!!scatter)
    !!handler_copy                           0x0000023c   Section       26  __scatter_copy.o(!!handler_copy)
    !!handler_zi                             0x00000258   Section       28  __scatter_zi.o(!!handler_zi)
    .ARM.Collect$$libinit$$00000000          0x00000274   Section        2  libinit.o(.ARM.Collect$$libinit$$00000000)
    .ARM.Collect$$libinit$$00000001          0x00000276   Section        4  libinit2.o(.ARM.Collect$$libinit$$00000001)
    .ARM.Collect$$libinit$$00000004          0x0000027a   Section        0  libinit2.o(.ARM.Collect$$libinit$$00000004)
    .ARM.Collect$$libinit$$0000000A          0x0000027a   Section        0  libinit2.o(.ARM.Collect$$libinit$$0000000A)
    .ARM.Collect$$libinit$$0000000C          0x0000027a   Section        0  libinit2.o(.ARM.Collect$$libinit$$0000000C)
    .ARM.Collect$$libinit$$0000000E          0x0000027a   Section        0  libinit2.o(.ARM.Collect$$libinit$$0000000E)
    .ARM.Collect$$libinit$$00000011          0x0000027a   Section        0  libinit2.o(.ARM.Collect$$libinit$$00000011)
    .ARM.Collect$$libinit$$00000013          0x0000027a   Section        0  libinit2.o(.ARM.Collect$$libinit$$00000013)
    .ARM.Collect$$libinit$$00000015          0x0000027a   Section        0  libinit2.o(.ARM.Collect$$libinit$$00000015)
    .ARM.Collect$$libinit$$00000017          0x0000027a   Section        0  libinit2.o(.ARM.Collect$$libinit$$00000017)
    .ARM.Collect$$libinit$$00000019          0x0000027a   Section        0  libinit2.o(.ARM.Collect$$libinit$$00000019)
    .ARM.Collect$$libinit$$0000001B          0x0000027a   Section        0  libinit2.o(.ARM.Collect$$libinit$$0000001B)
    .ARM.Collect$$libinit$$0000001D          0x0000027a   Section        0  libinit2.o(.ARM.Collect$$libinit$$0000001D)
    .ARM.Collect$$libinit$$0000001F          0x0000027a   Section        0  libinit2.o(.ARM.Collect$$libinit$$0000001F)
    .ARM.Collect$$libinit$$00000021          0x0000027a   Section        0  libinit2.o(.ARM.Collect$$libinit$$00000021)
    .ARM.Collect$$libinit$$00000023          0x0000027a   Section        0  libinit2.o(.ARM.Collect$$libinit$$00000023)
    .ARM.Collect$$libinit$$00000025          0x0000027a   Section        0  libinit2.o(.ARM.Collect$$libinit$$00000025)
    .ARM.Collect$$libinit$$0000002C          0x0000027a   Section        0  libinit2.o(.ARM.Collect$$libinit$$0000002C)
    .ARM.Collect$$libinit$$0000002E          0x0000027a   Section        0  libinit2.o(.ARM.Collect$$libinit$$0000002E)
    .ARM.Collect$$libinit$$00000030          0x0000027a   Section        0  libinit2.o(.ARM.Collect$$libinit$$00000030)
    .ARM.Collect$$libinit$$00000032          0x0000027a   Section        0  libinit2.o(.ARM.Collect$$libinit$$00000032)
    .ARM.Collect$$libinit$$00000033          0x0000027a   Section        2  libinit2.o(.ARM.Collect$$libinit$$00000033)
    .ARM.Collect$$libshutdown$$00000000      0x0000027c   Section        2  libshutdown.o(.ARM.Collect$$libshutdown$$00000000)
    .ARM.Collect$$libshutdown$$00000002      0x0000027e   Section        0  libshutdown2.o(.ARM.Collect$$libshutdown$$00000002)
    .ARM.Collect$$libshutdown$$00000004      0x0000027e   Section        0  libshutdown2.o(.ARM.Collect$$libshutdown$$00000004)
    .ARM.Collect$$libshutdown$$00000006      0x0000027e   Section        0  libshutdown2.o(.ARM.Collect$$libshutdown$$00000006)
    .ARM.Collect$$libshutdown$$00000009      0x0000027e   Section        0  libshutdown2.o(.ARM.Collect$$libshutdown$$00000009)
    .ARM.Collect$$libshutdown$$0000000C      0x0000027e   Section        0  libshutdown2.o(.ARM.Collect$$libshutdown$$0000000C)
    .ARM.Collect$$libshutdown$$0000000E      0x0000027e   Section        0  libshutdown2.o(.ARM.Collect$$libshutdown$$0000000E)
    .ARM.Collect$$libshutdown$$00000011      0x0000027e   Section        0  libshutdown2.o(.ARM.Collect$$libshutdown$$00000011)
    .ARM.Collect$$libshutdown$$00000012      0x0000027e   Section        2  libshutdown2.o(.ARM.Collect$$libshutdown$$00000012)
    .ARM.Collect$$rtentry$$00000000          0x00000280   Section        0  __rtentry.o(.ARM.Collect$$rtentry$$00000000)
    .ARM.Collect$$rtentry$$00000002          0x00000280   Section        0  __rtentry2.o(.ARM.Collect$$rtentry$$00000002)
    .ARM.Collect$$rtentry$$00000004          0x00000280   Section        6  __rtentry4.o(.ARM.Collect$$rtentry$$00000004)
    .ARM.Collect$$rtentry$$00000009          0x00000286   Section        0  __rtentry2.o(.ARM.Collect$$rtentry$$00000009)
    .ARM.Collect$$rtentry$$0000000A          0x00000286   Section        4  __rtentry2.o(.ARM.Collect$$rtentry$$0000000A)
    .ARM.Collect$$rtentry$$0000000C          0x0000028a   Section        0  __rtentry2.o(.ARM.Collect$$rtentry$$0000000C)
    .ARM.Collect$$rtentry$$0000000D          0x0000028a   Section        8  __rtentry2.o(.ARM.Collect$$rtentry$$0000000D)
    .ARM.Collect$$rtexit$$00000000           0x00000292   Section        2  rtexit.o(.ARM.Collect$$rtexit$$00000000)
    .ARM.Collect$$rtexit$$00000002           0x00000294   Section        0  rtexit2.o(.ARM.Collect$$rtexit$$00000002)
    .ARM.Collect$$rtexit$$00000003           0x00000294   Section        4  rtexit2.o(.ARM.Collect$$rtexit$$00000003)
    .ARM.Collect$$rtexit$$00000004           0x00000298   Section        6  rtexit2.o(.ARM.Collect$$rtexit$$00000004)
    .text                                    0x000002a0   Section       64  arm_startup_nrf52.o(.text)
    $v0                                      0x000002a0   Number         0  arm_startup_nrf52.o(.text)
    .text                                    0x000002e0   Section        0  heapauxi.o(.text)
    .text                                    0x000002e6   Section       74  sys_stackheap_outer.o(.text)
    .text                                    0x00000330   Section        0  exit.o(.text)
    .text                                    0x00000344   Section        8  libspace.o(.text)
    .text                                    0x0000034c   Section        0  sys_exit.o(.text)
    .text                                    0x00000358   Section        2  use_no_semi.o(.text)
    .text                                    0x0000035a   Section        0  indicate_semi.o(.text)
    i.LED1_Close                             0x0000035a   Section        0  led.o(i.LED1_Close)
    i.LED1_Open                              0x00000364   Section        0  led.o(i.LED1_Open)
    i.LED2_Close                             0x0000036e   Section        0  led.o(i.LED2_Close)
    i.LED2_Open                              0x00000378   Section        0  led.o(i.LED2_Open)
    i.LED3_Close                             0x00000382   Section        0  led.o(i.LED3_Close)
    i.LED3_Open                              0x0000038c   Section        0  led.o(i.LED3_Open)
    i.LED4_Close                             0x00000396   Section        0  led.o(i.LED4_Close)
    i.LED4_Open                              0x000003a0   Section        0  led.o(i.LED4_Open)
    i.LED_Init                               0x000003aa   Section        0  led.o(i.LED_Init)
    i.SystemCoreClockUpdate                  0x000003c8   Section        0  system_nrf52.o(i.SystemCoreClockUpdate)
    i.SystemInit                             0x000003d8   Section        0  system_nrf52.o(i.SystemInit)
    i.main                                   0x00000640   Section        0  main.o(i.main)
    i.nrf52_errata_108                       0x000006a4   Section        0  system_nrf52.o(i.nrf52_errata_108)
    nrf52_errata_108                         0x000006a5   Thumb Code    78  system_nrf52.o(i.nrf52_errata_108)
    i.nrf52_errata_12                        0x000006fc   Section        0  system_nrf52.o(i.nrf52_errata_12)
    nrf52_errata_12                          0x000006fd   Thumb Code    78  system_nrf52.o(i.nrf52_errata_12)
    i.nrf52_errata_136                       0x00000754   Section        0  system_nrf52.o(i.nrf52_errata_136)
    nrf52_errata_136                         0x00000755   Thumb Code    78  system_nrf52.o(i.nrf52_errata_136)
    i.nrf52_errata_16                        0x000007ac   Section        0  system_nrf52.o(i.nrf52_errata_16)
    nrf52_errata_16                          0x000007ad   Thumb Code    56  system_nrf52.o(i.nrf52_errata_16)
    i.nrf52_errata_182                       0x000007e8   Section        0  system_nrf52.o(i.nrf52_errata_182)
    nrf52_errata_182                         0x000007e9   Thumb Code    54  system_nrf52.o(i.nrf52_errata_182)
    i.nrf52_errata_31                        0x00000824   Section        0  system_nrf52.o(i.nrf52_errata_31)
    nrf52_errata_31                          0x00000825   Thumb Code    78  system_nrf52.o(i.nrf52_errata_31)
    i.nrf52_errata_32                        0x0000087c   Section        0  system_nrf52.o(i.nrf52_errata_32)
    nrf52_errata_32                          0x0000087d   Thumb Code    56  system_nrf52.o(i.nrf52_errata_32)
    i.nrf52_errata_36                        0x000008b8   Section        0  system_nrf52.o(i.nrf52_errata_36)
    nrf52_errata_36                          0x000008b9   Thumb Code    78  system_nrf52.o(i.nrf52_errata_36)
    i.nrf52_errata_37                        0x00000910   Section        0  system_nrf52.o(i.nrf52_errata_37)
    nrf52_errata_37                          0x00000911   Thumb Code    56  system_nrf52.o(i.nrf52_errata_37)
    i.nrf52_errata_57                        0x0000094c   Section        0  system_nrf52.o(i.nrf52_errata_57)
    nrf52_errata_57                          0x0000094d   Thumb Code    56  system_nrf52.o(i.nrf52_errata_57)
    i.nrf52_errata_66                        0x00000988   Section        0  system_nrf52.o(i.nrf52_errata_66)
    nrf52_errata_66                          0x00000989   Thumb Code    78  system_nrf52.o(i.nrf52_errata_66)
    i.nrf_delay_ms                           0x000009e0   Section        0  main.o(i.nrf_delay_ms)
    nrf_delay_ms                             0x000009e1   Thumb Code    42  main.o(i.nrf_delay_ms)
    i.nrf_gpio_cfg_output                    0x00000a10   Section        0  led.o(i.nrf_gpio_cfg_output)
    nrf_gpio_cfg_output                      0x00000a11   Thumb Code    48  led.o(i.nrf_gpio_cfg_output)
    i.nrf_gpio_pin_clear                     0x00000a40   Section        0  led.o(i.nrf_gpio_pin_clear)
    nrf_gpio_pin_clear                       0x00000a41   Thumb Code    22  led.o(i.nrf_gpio_pin_clear)
    i.nrf_gpio_pin_set                       0x00000a56   Section        0  led.o(i.nrf_gpio_pin_set)
    nrf_gpio_pin_set                         0x00000a57   Thumb Code    22  led.o(i.nrf_gpio_pin_set)
    x$fpl$fpinit                             0x00000a6c   Section       10  fpinit.o(x$fpl$fpinit)
    $v0                                      0x00000a6c   Number         0  fpinit.o(x$fpl$fpinit)
    .constdata                               0x00000a80   Section        6  main.o(.constdata)
    delay_bytecode                           0x00000a80   Data           6  main.o(.constdata)
    .data                                    0x20000000   Section        4  system_nrf52.o(.data)
    __tagsym$$used                           0x20000000   Number         0  system_nrf52.o(.data)
    .bss                                     0x20000004   Section       96  libspace.o(.bss)
    HEAP                                     0x20000068   Section     4096  arm_startup_nrf52.o(HEAP)
    Heap_Mem                                 0x20000068   Data        4096  arm_startup_nrf52.o(HEAP)
    STACK                                    0x20001068   Section     4096  arm_startup_nrf52.o(STACK)
    Stack_Mem                                0x20001068   Data        4096  arm_startup_nrf52.o(STACK)
    __initial_sp                             0x20002068   Data           0  arm_startup_nrf52.o(STACK)

    Global Symbols

    Symbol Name                              Value     Ov Type        Size  Object(Section)

    BuildAttributes$$THM_ISAv4$E$P$D$K$B$S$7EM$VFPi3$EXTD16$VFPS$VFMA$PE$A:L22UL41UL21$X:L11$S22US41US21$IEEE1$IW$USESV6$~STKCKD$USESV7$~SHL$OSPACE$ROPI$EBA8$UX$STANDARDLIB$REQ8$PRES8$EABIv2 0x00000000   Number         0  anon$$obj.o ABSOLUTE
    __ARM_use_no_argv                        0x00000000   Number         0  main.o ABSOLUTE
    __Vectors                                0x00000000   Data           4  arm_startup_nrf52.o(RESET)
    __ARM_exceptions_init                     - Undefined Weak Reference
    __alloca_initialize                       - Undefined Weak Reference
    __arm_fini_                               - Undefined Weak Reference
    __arm_preinit_                            - Undefined Weak Reference
    __cpp_initialize__aeabi_                  - Undefined Weak Reference
    __cxa_finalize                            - Undefined Weak Reference
    __rt_locale                               - Undefined Weak Reference
    __sigvec_lookup                           - Undefined Weak Reference
    _atexit_init                              - Undefined Weak Reference
    _call_atexit_fns                          - Undefined Weak Reference
    _clock_init                               - Undefined Weak Reference
    _fp_trap_init                             - Undefined Weak Reference
    _fp_trap_shutdown                         - Undefined Weak Reference
    _get_lc_collate                           - Undefined Weak Reference
    _get_lc_ctype                             - Undefined Weak Reference
    _get_lc_monetary                          - Undefined Weak Reference
    _get_lc_numeric                           - Undefined Weak Reference
    _get_lc_time                              - Undefined Weak Reference
    _getenv_init                              - Undefined Weak Reference
    _handle_redirection                       - Undefined Weak Reference
    _init_alloc                               - Undefined Weak Reference
    _init_user_alloc                          - Undefined Weak Reference
    _initio                                   - Undefined Weak Reference
    _rand_init                                - Undefined Weak Reference
    _signal_finish                            - Undefined Weak Reference
    _signal_init                              - Undefined Weak Reference
    _terminate_alloc                          - Undefined Weak Reference
    _terminate_user_alloc                     - Undefined Weak Reference
    _terminateio                              - Undefined Weak Reference
    __Vectors_End                            0x00000200   Data           0  arm_startup_nrf52.o(RESET)
    __Vectors_Size                           0x00000200   Number         0  arm_startup_nrf52.o ABSOLUTE
    __main                                   0x00000201   Thumb Code     8  __main.o(!!!main)
    __scatterload                            0x00000209   Thumb Code     0  __scatter.o(!!!scatter)
    __scatterload_rt2                        0x00000209   Thumb Code    44  __scatter.o(!!!scatter)
    __scatterload_rt2_thumb_only             0x00000209   Thumb Code     0  __scatter.o(!!!scatter)
    __scatterload_null                       0x00000217   Thumb Code     0  __scatter.o(!!!scatter)
    __scatterload_copy                       0x0000023d   Thumb Code    26  __scatter_copy.o(!!handler_copy)
    __scatterload_zeroinit                   0x00000259   Thumb Code    28  __scatter_zi.o(!!handler_zi)
    __rt_lib_init                            0x00000275   Thumb Code     0  libinit.o(.ARM.Collect$$libinit$$00000000)
    __rt_lib_init_fp_1                       0x00000277   Thumb Code     0  libinit2.o(.ARM.Collect$$libinit$$00000001)
    __rt_lib_init_alloca_1                   0x0000027b   Thumb Code     0  libinit2.o(.ARM.Collect$$libinit$$0000002E)
    __rt_lib_init_argv_1                     0x0000027b   Thumb Code     0  libinit2.o(.ARM.Collect$$libinit$$0000002C)
    __rt_lib_init_atexit_1                   0x0000027b   Thumb Code     0  libinit2.o(.ARM.Collect$$libinit$$0000001B)
    __rt_lib_init_clock_1                    0x0000027b   Thumb Code     0  libinit2.o(.ARM.Collect$$libinit$$00000021)
    __rt_lib_init_cpp_1                      0x0000027b   Thumb Code     0  libinit2.o(.ARM.Collect$$libinit$$00000032)
    __rt_lib_init_exceptions_1               0x0000027b   Thumb Code     0  libinit2.o(.ARM.Collect$$libinit$$00000030)
    __rt_lib_init_fp_trap_1                  0x0000027b   Thumb Code     0  libinit2.o(.ARM.Collect$$libinit$$0000001F)
    __rt_lib_init_getenv_1                   0x0000027b   Thumb Code     0  libinit2.o(.ARM.Collect$$libinit$$00000023)
    __rt_lib_init_heap_1                     0x0000027b   Thumb Code     0  libinit2.o(.ARM.Collect$$libinit$$0000000A)
    __rt_lib_init_lc_collate_1               0x0000027b   Thumb Code     0  libinit2.o(.ARM.Collect$$libinit$$00000011)
    __rt_lib_init_lc_ctype_1                 0x0000027b   Thumb Code     0  libinit2.o(.ARM.Collect$$libinit$$00000013)
    __rt_lib_init_lc_monetary_1              0x0000027b   Thumb Code     0  libinit2.o(.ARM.Collect$$libinit$$00000015)
    __rt_lib_init_lc_numeric_1               0x0000027b   Thumb Code     0  libinit2.o(.ARM.Collect$$libinit$$00000017)
    __rt_lib_init_lc_time_1                  0x0000027b   Thumb Code     0  libinit2.o(.ARM.Collect$$libinit$$00000019)
    __rt_lib_init_preinit_1                  0x0000027b   Thumb Code     0  libinit2.o(.ARM.Collect$$libinit$$00000004)
    __rt_lib_init_rand_1                     0x0000027b   Thumb Code     0  libinit2.o(.ARM.Collect$$libinit$$0000000E)
    __rt_lib_init_return                     0x0000027b   Thumb Code     0  libinit2.o(.ARM.Collect$$libinit$$00000033)
    __rt_lib_init_signal_1                   0x0000027b   Thumb Code     0  libinit2.o(.ARM.Collect$$libinit$$0000001D)
    __rt_lib_init_stdio_1                    0x0000027b   Thumb Code     0  libinit2.o(.ARM.Collect$$libinit$$00000025)
    __rt_lib_init_user_alloc_1               0x0000027b   Thumb Code     0  libinit2.o(.ARM.Collect$$libinit$$0000000C)
    __rt_lib_shutdown                        0x0000027d   Thumb Code     0  libshutdown.o(.ARM.Collect$$libshutdown$$00000000)
    __rt_lib_shutdown_cpp_1                  0x0000027f   Thumb Code     0  libshutdown2.o(.ARM.Collect$$libshutdown$$00000004)
    __rt_lib_shutdown_fini_1                 0x0000027f   Thumb Code     0  libshutdown2.o(.ARM.Collect$$libshutdown$$00000002)
    __rt_lib_shutdown_fp_trap_1              0x0000027f   Thumb Code     0  libshutdown2.o(.ARM.Collect$$libshutdown$$00000009)
    __rt_lib_shutdown_heap_1                 0x0000027f   Thumb Code     0  libshutdown2.o(.ARM.Collect$$libshutdown$$00000011)
    __rt_lib_shutdown_return                 0x0000027f   Thumb Code     0  libshutdown2.o(.ARM.Collect$$libshutdown$$00000012)
    __rt_lib_shutdown_signal_1               0x0000027f   Thumb Code     0  libshutdown2.o(.ARM.Collect$$libshutdown$$0000000C)
    __rt_lib_shutdown_stdio_1                0x0000027f   Thumb Code     0  libshutdown2.o(.ARM.Collect$$libshutdown$$00000006)
    __rt_lib_shutdown_user_alloc_1           0x0000027f   Thumb Code     0  libshutdown2.o(.ARM.Collect$$libshutdown$$0000000E)
    __rt_entry                               0x00000281   Thumb Code     0  __rtentry.o(.ARM.Collect$$rtentry$$00000000)
    __rt_entry_presh_1                       0x00000281   Thumb Code     0  __rtentry2.o(.ARM.Collect$$rtentry$$00000002)
    __rt_entry_sh                            0x00000281   Thumb Code     0  __rtentry4.o(.ARM.Collect$$rtentry$$00000004)
    __rt_entry_li                            0x00000287   Thumb Code     0  __rtentry2.o(.ARM.Collect$$rtentry$$0000000A)
    __rt_entry_postsh_1                      0x00000287   Thumb Code     0  __rtentry2.o(.ARM.Collect$$rtentry$$00000009)
    __rt_entry_main                          0x0000028b   Thumb Code     0  __rtentry2.o(.ARM.Collect$$rtentry$$0000000D)
    __rt_entry_postli_1                      0x0000028b   Thumb Code     0  __rtentry2.o(.ARM.Collect$$rtentry$$0000000C)
    __rt_exit                                0x00000293   Thumb Code     0  rtexit.o(.ARM.Collect$$rtexit$$00000000)
    __rt_exit_ls                             0x00000295   Thumb Code     0  rtexit2.o(.ARM.Collect$$rtexit$$00000003)
    __rt_exit_prels_1                        0x00000295   Thumb Code     0  rtexit2.o(.ARM.Collect$$rtexit$$00000002)
    __rt_exit_exit                           0x00000299   Thumb Code     0  rtexit2.o(.ARM.Collect$$rtexit$$00000004)
    Reset_Handler                            0x000002a1   Thumb Code     8  arm_startup_nrf52.o(.text)
    NMI_Handler                              0x000002a9   Thumb Code     2  arm_startup_nrf52.o(.text)
    HardFault_Handler                        0x000002ab   Thumb Code     2  arm_startup_nrf52.o(.text)
    MemoryManagement_Handler                 0x000002ad   Thumb Code     2  arm_startup_nrf52.o(.text)
    BusFault_Handler                         0x000002af   Thumb Code     2  arm_startup_nrf52.o(.text)
    UsageFault_Handler                       0x000002b1   Thumb Code     2  arm_startup_nrf52.o(.text)
    SVC_Handler                              0x000002b3   Thumb Code     2  arm_startup_nrf52.o(.text)
    DebugMon_Handler                         0x000002b5   Thumb Code     2  arm_startup_nrf52.o(.text)
    PendSV_Handler                           0x000002b7   Thumb Code     2  arm_startup_nrf52.o(.text)
    SysTick_Handler                          0x000002b9   Thumb Code     2  arm_startup_nrf52.o(.text)
    CCM_AAR_IRQHandler                       0x000002bb   Thumb Code     0  arm_startup_nrf52.o(.text)
    COMP_LPCOMP_IRQHandler                   0x000002bb   Thumb Code     0  arm_startup_nrf52.o(.text)
    ECB_IRQHandler                           0x000002bb   Thumb Code     0  arm_startup_nrf52.o(.text)
    FPU_IRQHandler                           0x000002bb   Thumb Code     0  arm_startup_nrf52.o(.text)
    GPIOTE_IRQHandler                        0x000002bb   Thumb Code     0  arm_startup_nrf52.o(.text)
    I2S_IRQHandler                           0x000002bb   Thumb Code     0  arm_startup_nrf52.o(.text)
    MWU_IRQHandler                           0x000002bb   Thumb Code     0  arm_startup_nrf52.o(.text)
    NFCT_IRQHandler                          0x000002bb   Thumb Code     0  arm_startup_nrf52.o(.text)
    PDM_IRQHandler                           0x000002bb   Thumb Code     0  arm_startup_nrf52.o(.text)
    POWER_CLOCK_IRQHandler                   0x000002bb   Thumb Code     0  arm_startup_nrf52.o(.text)
    PWM0_IRQHandler                          0x000002bb   Thumb Code     0  arm_startup_nrf52.o(.text)
    PWM1_IRQHandler                          0x000002bb   Thumb Code     0  arm_startup_nrf52.o(.text)
    PWM2_IRQHandler                          0x000002bb   Thumb Code     0  arm_startup_nrf52.o(.text)
    QDEC_IRQHandler                          0x000002bb   Thumb Code     0  arm_startup_nrf52.o(.text)
    RADIO_IRQHandler                         0x000002bb   Thumb Code     0  arm_startup_nrf52.o(.text)
    RNG_IRQHandler                           0x000002bb   Thumb Code     0  arm_startup_nrf52.o(.text)
    RTC0_IRQHandler                          0x000002bb   Thumb Code     0  arm_startup_nrf52.o(.text)
    RTC1_IRQHandler                          0x000002bb   Thumb Code     0  arm_startup_nrf52.o(.text)
    RTC2_IRQHandler                          0x000002bb   Thumb Code     0  arm_startup_nrf52.o(.text)
    SAADC_IRQHandler                         0x000002bb   Thumb Code     0  arm_startup_nrf52.o(.text)
    SPIM0_SPIS0_TWIM0_TWIS0_SPI0_TWI0_IRQHandler 0x000002bb   Thumb Code     0  arm_startup_nrf52.o(.text)
    SPIM1_SPIS1_TWIM1_TWIS1_SPI1_TWI1_IRQHandler 0x000002bb   Thumb Code     0  arm_startup_nrf52.o(.text)
    SPIM2_SPIS2_SPI2_IRQHandler              0x000002bb   Thumb Code     0  arm_startup_nrf52.o(.text)
    SWI0_EGU0_IRQHandler                     0x000002bb   Thumb Code     0  arm_startup_nrf52.o(.text)
    SWI1_EGU1_IRQHandler                     0x000002bb   Thumb Code     0  arm_startup_nrf52.o(.text)
    SWI2_EGU2_IRQHandler                     0x000002bb   Thumb Code     0  arm_startup_nrf52.o(.text)
    SWI3_EGU3_IRQHandler                     0x000002bb   Thumb Code     0  arm_startup_nrf52.o(.text)
    SWI4_EGU4_IRQHandler                     0x000002bb   Thumb Code     0  arm_startup_nrf52.o(.text)
    SWI5_EGU5_IRQHandler                     0x000002bb   Thumb Code     0  arm_startup_nrf52.o(.text)
    TEMP_IRQHandler                          0x000002bb   Thumb Code     0  arm_startup_nrf52.o(.text)
    TIMER0_IRQHandler                        0x000002bb   Thumb Code     0  arm_startup_nrf52.o(.text)
    TIMER1_IRQHandler                        0x000002bb   Thumb Code     0  arm_startup_nrf52.o(.text)
    TIMER2_IRQHandler                        0x000002bb   Thumb Code     0  arm_startup_nrf52.o(.text)
    TIMER3_IRQHandler                        0x000002bb   Thumb Code     0  arm_startup_nrf52.o(.text)
    TIMER4_IRQHandler                        0x000002bb   Thumb Code     0  arm_startup_nrf52.o(.text)
    UARTE0_UART0_IRQHandler                  0x000002bb   Thumb Code     0  arm_startup_nrf52.o(.text)
    WDT_IRQHandler                           0x000002bb   Thumb Code     0  arm_startup_nrf52.o(.text)
    __user_initial_stackheap                 0x000002bd   Thumb Code    10  arm_startup_nrf52.o(.text)
    __use_two_region_memory                  0x000002e1   Thumb Code     2  heapauxi.o(.text)
    __rt_heap_escrow$2region                 0x000002e3   Thumb Code     2  heapauxi.o(.text)
    __rt_heap_expand$2region                 0x000002e5   Thumb Code     2  heapauxi.o(.text)
    __user_setup_stackheap                   0x000002e7   Thumb Code    74  sys_stackheap_outer.o(.text)
    exit                                     0x00000331   Thumb Code    18  exit.o(.text)
    __user_libspace                          0x00000345   Thumb Code     8  libspace.o(.text)
    __user_perproc_libspace                  0x00000345   Thumb Code     0  libspace.o(.text)
    __user_perthread_libspace                0x00000345   Thumb Code     0  libspace.o(.text)
    _sys_exit                                0x0000034d   Thumb Code     8  sys_exit.o(.text)
    __I$use$semihosting                      0x00000359   Thumb Code     0  use_no_semi.o(.text)
    __use_no_semihosting_swi                 0x00000359   Thumb Code     2  use_no_semi.o(.text)
    LED1_Close                               0x0000035b   Thumb Code    10  led.o(i.LED1_Close)
    __semihosting_library_function           0x0000035b   Thumb Code     0  indicate_semi.o(.text)
    LED1_Open                                0x00000365   Thumb Code    10  led.o(i.LED1_Open)
    LED2_Close                               0x0000036f   Thumb Code    10  led.o(i.LED2_Close)
    LED2_Open                                0x00000379   Thumb Code    10  led.o(i.LED2_Open)
    LED3_Close                               0x00000383   Thumb Code    10  led.o(i.LED3_Close)
    LED3_Open                                0x0000038d   Thumb Code    10  led.o(i.LED3_Open)
    LED4_Close                               0x00000397   Thumb Code    10  led.o(i.LED4_Close)
    LED4_Open                                0x000003a1   Thumb Code    10  led.o(i.LED4_Open)
    LED_Init                                 0x000003ab   Thumb Code    28  led.o(i.LED_Init)
    SystemCoreClockUpdate                    0x000003c9   Thumb Code     8  system_nrf52.o(i.SystemCoreClockUpdate)
    SystemInit                               0x000003d9   Thumb Code   546  system_nrf52.o(i.SystemInit)
    main                                     0x00000641   Thumb Code   100  main.o(i.main)
    _fp_init                                 0x00000a6d   Thumb Code    10  fpinit.o(x$fpl$fpinit)
    __fplib_config_fpu_vfp                   0x00000a75   Thumb Code     0  fpinit.o(x$fpl$fpinit)
    __fplib_config_pureend_doubles           0x00000a75   Thumb Code     0  fpinit.o(x$fpl$fpinit)
    Region$$Table$$Base                      0x00000a88   Number         0  anon$$obj.o(Region$$Table)
    Region$$Table$$Limit                     0x00000aa8   Number         0  anon$$obj.o(Region$$Table)
    SystemCoreClock                          0x20000000   Data           4  system_nrf52.o(.data)
    __libspace_start                         0x20000004   Data          96  libspace.o(.bss)
    __temporary_stack_top$libspace           0x20000064   Data           0  libspace.o(.bss)



==============================================================================

Memory Map of the image

  Image Entry point : 0x00000201

  Load Region LR_IROM1 (Base: 0x00000000, Size: 0x00000aac, Max: 0x00080000, ABSOLUTE)

    Execution Region ER_IROM1 (Exec base: 0x00000000, Load base: 0x00000000, Size: 0x00000aa8, Max: 0x00080000, ABSOLUTE)

    Exec Addr    Load Addr    Size         Type   Attr      Idx    E Section Name        Object

    0x00000000   0x00000000   0x00000200   Data   RO          282    RESET               arm_startup_nrf52.o
    0x00000200   0x00000200   0x00000008   Code   RO         2036  * !!!main             c_w.l(__main.o)
    0x00000208   0x00000208   0x00000034   Code   RO         2195    !!!scatter          c_w.l(__scatter.o)
    0x0000023c   0x0000023c   0x0000001a   Code   RO         2197    !!handler_copy      c_w.l(__scatter_copy.o)
    0x00000256   0x00000256   0x00000002   PAD
    0x00000258   0x00000258   0x0000001c   Code   RO         2199    !!handler_zi        c_w.l(__scatter_zi.o)
    0x00000274   0x00000274   0x00000002   Code   RO         2063    .ARM.Collect$$libinit$$00000000  c_w.l(libinit.o)
    0x00000276   0x00000276   0x00000004   Code   RO         2069    .ARM.Collect$$libinit$$00000001  c_w.l(libinit2.o)
    0x0000027a   0x0000027a   0x00000000   Code   RO         2072    .ARM.Collect$$libinit$$00000004  c_w.l(libinit2.o)
    0x0000027a   0x0000027a   0x00000000   Code   RO         2075    .ARM.Collect$$libinit$$0000000A  c_w.l(libinit2.o)
    0x0000027a   0x0000027a   0x00000000   Code   RO         2077    .ARM.Collect$$libinit$$0000000C  c_w.l(libinit2.o)
    0x0000027a   0x0000027a   0x00000000   Code   RO         2079    .ARM.Collect$$libinit$$0000000E  c_w.l(libinit2.o)
    0x0000027a   0x0000027a   0x00000000   Code   RO         2082    .ARM.Collect$$libinit$$00000011  c_w.l(libinit2.o)
    0x0000027a   0x0000027a   0x00000000   Code   RO         2084    .ARM.Collect$$libinit$$00000013  c_w.l(libinit2.o)
    0x0000027a   0x0000027a   0x00000000   Code   RO         2086    .ARM.Collect$$libinit$$00000015  c_w.l(libinit2.o)
    0x0000027a   0x0000027a   0x00000000   Code   RO         2088    .ARM.Collect$$libinit$$00000017  c_w.l(libinit2.o)
    0x0000027a   0x0000027a   0x00000000   Code   RO         2090    .ARM.Collect$$libinit$$00000019  c_w.l(libinit2.o)
    0x0000027a   0x0000027a   0x00000000   Code   RO         2092    .ARM.Collect$$libinit$$0000001B  c_w.l(libinit2.o)
    0x0000027a   0x0000027a   0x00000000   Code   RO         2094    .ARM.Collect$$libinit$$0000001D  c_w.l(libinit2.o)
    0x0000027a   0x0000027a   0x00000000   Code   RO         2096    .ARM.Collect$$libinit$$0000001F  c_w.l(libinit2.o)
    0x0000027a   0x0000027a   0x00000000   Code   RO         2098    .ARM.Collect$$libinit$$00000021  c_w.l(libinit2.o)
    0x0000027a   0x0000027a   0x00000000   Code   RO         2100    .ARM.Collect$$libinit$$00000023  c_w.l(libinit2.o)
    0x0000027a   0x0000027a   0x00000000   Code   RO         2102    .ARM.Collect$$libinit$$00000025  c_w.l(libinit2.o)
    0x0000027a   0x0000027a   0x00000000   Code   RO         2106    .ARM.Collect$$libinit$$0000002C  c_w.l(libinit2.o)
    0x0000027a   0x0000027a   0x00000000   Code   RO         2108    .ARM.Collect$$libinit$$0000002E  c_w.l(libinit2.o)
    0x0000027a   0x0000027a   0x00000000   Code   RO         2110    .ARM.Collect$$libinit$$00000030  c_w.l(libinit2.o)
    0x0000027a   0x0000027a   0x00000000   Code   RO         2112    .ARM.Collect$$libinit$$00000032  c_w.l(libinit2.o)
    0x0000027a   0x0000027a   0x00000002   Code   RO         2113    .ARM.Collect$$libinit$$00000033  c_w.l(libinit2.o)
    0x0000027c   0x0000027c   0x00000002   Code   RO         2133    .ARM.Collect$$libshutdown$$00000000  c_w.l(libshutdown.o)
    0x0000027e   0x0000027e   0x00000000   Code   RO         2146    .ARM.Collect$$libshutdown$$00000002  c_w.l(libshutdown2.o)
    0x0000027e   0x0000027e   0x00000000   Code   RO         2148    .ARM.Collect$$libshutdown$$00000004  c_w.l(libshutdown2.o)
    0x0000027e   0x0000027e   0x00000000   Code   RO         2150    .ARM.Collect$$libshutdown$$00000006  c_w.l(libshutdown2.o)
    0x0000027e   0x0000027e   0x00000000   Code   RO         2153    .ARM.Collect$$libshutdown$$00000009  c_w.l(libshutdown2.o)
    0x0000027e   0x0000027e   0x00000000   Code   RO         2156    .ARM.Collect$$libshutdown$$0000000C  c_w.l(libshutdown2.o)
    0x0000027e   0x0000027e   0x00000000   Code   RO         2158    .ARM.Collect$$libshutdown$$0000000E  c_w.l(libshutdown2.o)
    0x0000027e   0x0000027e   0x00000000   Code   RO         2161    .ARM.Collect$$libshutdown$$00000011  c_w.l(libshutdown2.o)
    0x0000027e   0x0000027e   0x00000002   Code   RO         2162    .ARM.Collect$$libshutdown$$00000012  c_w.l(libshutdown2.o)
    0x00000280   0x00000280   0x00000000   Code   RO         2038    .ARM.Collect$$rtentry$$00000000  c_w.l(__rtentry.o)
    0x00000280   0x00000280   0x00000000   Code   RO         2040    .ARM.Collect$$rtentry$$00000002  c_w.l(__rtentry2.o)
    0x00000280   0x00000280   0x00000006   Code   RO         2052    .ARM.Collect$$rtentry$$00000004  c_w.l(__rtentry4.o)
    0x00000286   0x00000286   0x00000000   Code   RO         2042    .ARM.Collect$$rtentry$$00000009  c_w.l(__rtentry2.o)
    0x00000286   0x00000286   0x00000004   Code   RO         2043    .ARM.Collect$$rtentry$$0000000A  c_w.l(__rtentry2.o)
    0x0000028a   0x0000028a   0x00000000   Code   RO         2045    .ARM.Collect$$rtentry$$0000000C  c_w.l(__rtentry2.o)
    0x0000028a   0x0000028a   0x00000008   Code   RO         2046    .ARM.Collect$$rtentry$$0000000D  c_w.l(__rtentry2.o)
    0x00000292   0x00000292   0x00000002   Code   RO         2067    .ARM.Collect$$rtexit$$00000000  c_w.l(rtexit.o)
    0x00000294   0x00000294   0x00000000   Code   RO         2115    .ARM.Collect$$rtexit$$00000002  c_w.l(rtexit2.o)
    0x00000294   0x00000294   0x00000004   Code   RO         2116    .ARM.Collect$$rtexit$$00000003  c_w.l(rtexit2.o)
    0x00000298   0x00000298   0x00000006   Code   RO         2117    .ARM.Collect$$rtexit$$00000004  c_w.l(rtexit2.o)
    0x0000029e   0x0000029e   0x00000002   PAD
    0x000002a0   0x000002a0   0x00000040   Code   RO          283    .text               arm_startup_nrf52.o
    0x000002e0   0x000002e0   0x00000006   Code   RO         2034    .text               c_w.l(heapauxi.o)
    0x000002e6   0x000002e6   0x0000004a   Code   RO         2054    .text               c_w.l(sys_stackheap_outer.o)
    0x00000330   0x00000330   0x00000012   Code   RO         2056    .text               c_w.l(exit.o)
    0x00000342   0x00000342   0x00000002   PAD
    0x00000344   0x00000344   0x00000008   Code   RO         2064    .text               c_w.l(libspace.o)
    0x0000034c   0x0000034c   0x0000000c   Code   RO         2125    .text               c_w.l(sys_exit.o)
    0x00000358   0x00000358   0x00000002   Code   RO         2136    .text               c_w.l(use_no_semi.o)
    0x0000035a   0x0000035a   0x00000000   Code   RO         2138    .text               c_w.l(indicate_semi.o)
    0x0000035a   0x0000035a   0x0000000a   Code   RO          161    i.LED1_Close        led.o
    0x00000364   0x00000364   0x0000000a   Code   RO          162    i.LED1_Open         led.o
    0x0000036e   0x0000036e   0x0000000a   Code   RO          164    i.LED2_Close        led.o
    0x00000378   0x00000378   0x0000000a   Code   RO          165    i.LED2_Open         led.o
    0x00000382   0x00000382   0x0000000a   Code   RO          167    i.LED3_Close        led.o
    0x0000038c   0x0000038c   0x0000000a   Code   RO          168    i.LED3_Open         led.o
    0x00000396   0x00000396   0x0000000a   Code   RO          170    i.LED4_Close        led.o
    0x000003a0   0x000003a0   0x0000000a   Code   RO          171    i.LED4_Open         led.o
    0x000003aa   0x000003aa   0x0000001c   Code   RO          173    i.LED_Init          led.o
    0x000003c6   0x000003c6   0x00000002   PAD
    0x000003c8   0x000003c8   0x00000010   Code   RO          290    i.SystemCoreClockUpdate  system_nrf52.o
    0x000003d8   0x000003d8   0x00000268   Code   RO          291    i.SystemInit        system_nrf52.o
    0x00000640   0x00000640   0x00000064   Code   RO            4    i.main              main.o
    0x000006a4   0x000006a4   0x00000058   Code   RO          378    i.nrf52_errata_108  system_nrf52.o
    0x000006fc   0x000006fc   0x00000058   Code   RO          390    i.nrf52_errata_12   system_nrf52.o
    0x00000754   0x00000754   0x00000058   Code   RO          401    i.nrf52_errata_136  system_nrf52.o
    0x000007ac   0x000007ac   0x0000003c   Code   RO          420    i.nrf52_errata_16   system_nrf52.o
    0x000007e8   0x000007e8   0x0000003c   Code   RO          437    i.nrf52_errata_182  system_nrf52.o
    0x00000824   0x00000824   0x00000058   Code   RO          484    i.nrf52_errata_31   system_nrf52.o
    0x0000087c   0x0000087c   0x0000003c   Code   RO          485    i.nrf52_errata_32   system_nrf52.o
    0x000008b8   0x000008b8   0x00000058   Code   RO          489    i.nrf52_errata_36   system_nrf52.o
    0x00000910   0x00000910   0x0000003c   Code   RO          490    i.nrf52_errata_37   system_nrf52.o
    0x0000094c   0x0000094c   0x0000003c   Code   RO          506    i.nrf52_errata_57   system_nrf52.o
    0x00000988   0x00000988   0x00000058   Code   RO          512    i.nrf52_errata_66   system_nrf52.o
    0x000009e0   0x000009e0   0x00000030   Code   RO            5    i.nrf_delay_ms      main.o
    0x00000a10   0x00000a10   0x00000030   Code   RO          174    i.nrf_gpio_cfg_output  led.o
    0x00000a40   0x00000a40   0x00000016   Code   RO          175    i.nrf_gpio_pin_clear  led.o
    0x00000a56   0x00000a56   0x00000016   Code   RO          176    i.nrf_gpio_pin_set  led.o
    0x00000a6c   0x00000a6c   0x0000000a   Code   RO         2123    x$fpl$fpinit        fz_wm.l(fpinit.o)
    0x00000a76   0x00000a76   0x0000000a   PAD
    0x00000a80   0x00000a80   0x00000006   Data   RO            6    .constdata          main.o
    0x00000a86   0x00000a86   0x00000002   PAD
    0x00000a88   0x00000a88   0x00000020   Data   RO         2193    Region$$Table       anon$$obj.o


    Execution Region RW_IRAM1 (Exec base: 0x20000000, Load base: 0x00000aa8, Size: 0x00002068, Max: 0x00010000, ABSOLUTE)

    Exec Addr    Load Addr    Size         Type   Attr      Idx    E Section Name        Object

    0x20000000   0x00000aa8   0x00000004   Data   RW          630    .data               system_nrf52.o
    0x20000004        -       0x00000060   Zero   RW         2065    .bss                c_w.l(libspace.o)
    0x20000064   0x00000aac   0x00000004   PAD
    0x20000068        -       0x00001000   Zero   RW          281    HEAP                arm_startup_nrf52.o
    0x20001068        -       0x00001000   Zero   RW          280    STACK               arm_startup_nrf52.o


==============================================================================

Image component sizes


      Code (inc. data)   RO Data    RW Data    ZI Data      Debug   Object Name

        64         26        512          0       8192       1040   arm_startup_nrf52.o
       200          0          0          0          0      11619   led.o
       148          6          6          0          0      36159   main.o
      1460        160          0          4          0      42018   system_nrf52.o

    ----------------------------------------------------------------------
      1874        192        552          4       8192      90836   Object Totals
         0          0         32          0          0          0   (incl. Generated)
         2          0          2          0          0          0   (incl. Padding)

    ----------------------------------------------------------------------

      Code (inc. data)   RO Data    RW Data    ZI Data      Debug   Library Member Name

         8          0          0          0          0         68   __main.o
         0          0          0          0          0          0   __rtentry.o
        12          0          0          0          0          0   __rtentry2.o
         6          0          0          0          0          0   __rtentry4.o
        52          8          0          0          0          0   __scatter.o
        26          0          0          0          0          0   __scatter_copy.o
        28          0          0          0          0          0   __scatter_zi.o
        18          0          0          0          0         80   exit.o
         6          0          0          0          0        152   heapauxi.o
         0          0          0          0          0          0   indicate_semi.o
         2          0          0          0          0          0   libinit.o
         6          0          0          0          0          0   libinit2.o
         2          0          0          0          0          0   libshutdown.o
         2          0          0          0          0          0   libshutdown2.o
         8          4          0          0         96         68   libspace.o
         2          0          0          0          0          0   rtexit.o
        10          0          0          0          0          0   rtexit2.o
        12          4          0          0          0         68   sys_exit.o
        74          0          0          0          0         80   sys_stackheap_outer.o
         2          0          0          0          0         68   use_no_semi.o
        10          0          0          0          0        116   fpinit.o

    ----------------------------------------------------------------------
       302         16          0          0        100        700   Library Totals
        16          0          0          0          4          0   (incl. Padding)

    ----------------------------------------------------------------------

      Code (inc. data)   RO Data    RW Data    ZI Data      Debug   Library Name

       276         16          0          0         96        584   c_w.l
        10          0          0          0          0        116   fz_wm.l

    ----------------------------------------------------------------------
       302         16          0          0        100        700   Library Totals

    ----------------------------------------------------------------------

==============================================================================


      Code (inc. data)   RO Data    RW Data    ZI Data      Debug   

      2176        208        552          4       8292      88880   Grand Totals
      2176        208        552          4       8292      88880   ELF Image Totals
      2176        208        552          4          0          0   ROM Totals

==============================================================================

    Total RO  Size (Code + RO Data)                 2728 (   2.66kB)
    Total RW  Size (RW Data + ZI Data)              8296 (   8.10kB)
    Total ROM Size (Code + RO Data + RW Data)       2732 (   2.67kB)

==============================================================================

